// Jest Snapshot v1, https://goo.gl/fbAQLP

exports[`Testing components GifGridItem should it validate the component 1`] = `
<div
  className="card animate__animated animate__fadeIn"
>
  <img
    alt="Title description"
    src="https://www.apitest.com/test"
  />
  <p>
    Title description
  </p>
</div>
`;
